B and C are 0th cousins, 2 times removed
B and D are 1st cousins, 1 time removed
B and E are 2nd cousins
B and F are 2nd cousins, 1 time removed
B and G are 2nd cousins, 2 times removed
B and H are 2nd cousins, 3 times removed
B and I are 2nd cousins, 4 times removed
B and J are 2nd cousins, 5 times removed
B and K are 2nd cousins, 6 times removed
B and L are 2nd cousins, 7 times removed
B and M are 2nd cousins, 8 times removed
B and N are 2nd cousins, 9 times removed
