N and R are 3rd cousins, 1 time removed
R and Z are 0th cousins, 1 time removed
L and U are 3rd cousins, 1 time removed
Z is the great great great great grandchild of A
Z is the grandchild of L
B and V are 0th cousins, 4 times removed
V and D are 1st cousins, 3 times removed
M and D are 0th cousins, 2 times removed
K is the child of G
G and M are 1st cousins, 1 time removed
Z and R are 0th cousins, 1 time removed
K and Q are 2nd cousins, 1 time removed
X is the child of O
R and I are 2nd cousins, 2 times removed
K and W are 0th cousins, 2 times removed
F is the grandchild of A
D and U are 1st cousins, 3 times removed
J and K are siblings
E is the grandchild of A
Z and N are 3rd cousins, 2 times removed
K and N are 3rd cousins
P and S are 3rd cousins
O and Q are 3rd cousins
Y and Z are 4th cousins
G and U are 2nd cousins, 2 times removed
K and O are 0th cousins, 1 time removed
Z is the grandchild of L
O and Y are 1st cousins, 1 time removed
S and Y are 3rd cousins, 1 time removed
L and Y are 2nd cousins, 2 times removed
I is the great grandchild of A
N and W are 3rd cousins, 2 times removed
F and D are 1st cousins
C and Z are 0th cousins, 5 times removed
L and G are 1st cousins, 1 time removed
E and X are 0th cousins, 4 times removed
N and E are 1st cousins, 2 times removed
N and K are 3rd cousins
O is the child of J
X and Y are 2nd cousins
R is the child of L
Q is the great great great grandchild of A
U and S are 4th cousins
G and U are 2nd cousins, 2 times removed
K is the child of G
G and T are 1st cousins, 2 times removed
S is the grandchild of H
Y is the great grandchild of G
W is the child of O
C and X are 0th cousins, 5 times removed
G and F are 1st cousins, 1 time removed
U and B are 0th cousins, 4 times removed
X and S are 3rd cousins, 1 time removed
V is the grandchild of I
G is the great grandchild of A
E and U are 1st cousins, 3 times removed
Q is the great great grandchild of B
V is the great great grandchild of C
Q is the child of L
N and T are 3rd cousins, 1 time removed
K is the grandchild of D
M and P are 2nd cousins, 1 time removed
U is the child of N
F and J are 1st cousins, 2 times removed
R is the great great grandchild of B
Y and E are 0th cousins, 4 times removed
E and G are 0th cousins, 1 time removed
X is the child of O
W and L are 2nd cousins, 2 times removed
Y is the grandchild of K
C and Z are 0th cousins, 5 times removed
Y and Z are 4th cousins
W is the child of O
F and Q are 1st cousins, 3 times removed
N and H are 2nd cousins, 1 time removed
W and X are siblings
U is the child of N
Q and U are 4th cousins
J is the child of G
Z is the great great great great grandchild of A
N and M are 3rd cousins
I and Z are 2nd cousins, 3 times removed
Z and W are 4th cousins
I and L are 2nd cousins, 1 time removed
L is the grandchild of E
R is the great great great grandchild of A
G is the child of D
E and I are 1st cousins, 1 time removed
G and N are 2nd cousins, 1 time removed
T and W are 3rd cousins, 1 time removed
F and Q are 1st cousins, 3 times removed
P and V are 4th cousins
O and Q are 3rd cousins
I and H are 2nd cousins
J and Y are 0th cousins, 2 times removed
W is the great great grandchild of D
T is the grandchild of H
H and N are 2nd cousins, 1 time removed
Y and Q are 3rd cousins, 1 time removed
V is the great grandchild of F
