K and Y are 0th cousins, 1 time removed
AL and AD are 2nd cousins, 1 time removed
D and H are 0th cousins, 1 time removed
AP and AI are 1st cousins
AX and AP are 1st cousins
V and D are 0th cousins, 2 times removed
AN and G are 0th cousins, 2 times removed
AH and D are 0th cousins, 3 times removed
AL and AF are 2nd cousins, 1 time removed
AJ and AB are 2nd cousins, 1 time removed
AU and M are 0th cousins, 1 time removed
H and AP are 1st cousins, 2 times removed
O and C are 0th cousins, 2 times removed
K and R are 1st cousins, 1 time removed
B and I are 0th cousins, 1 time removed
AB and V are 2nd cousins
AT and Y are 2nd cousins, 1 time removed
AI and AU are 1st cousins
G and AH are 0th cousins, 2 times removed
B and V are 0th cousins, 2 times removed
AE and AG are 2nd cousins, 1 time removed
AU and AS are 1st cousins
AL and AM are 1st cousins
Q and D are 0th cousins, 2 times removed
P and X are 2nd cousins
AO and AV are 1st cousins
AC and F are 1st cousins, 1 time removed
G is the child of B
Z and AA are siblings
T and V are 2nd cousins
AH and AK are 2nd cousins
Y and R are 2nd cousins
P and S are 1st cousins
AU and AF are 2nd cousins, 1 time removed
R and AQ are 1st cousins, 1 time removed
AI and L are 1st cousins, 1 time removed
B is the child of A
M and K are 1st cousins, 1 time removed
AD and AF are 1st cousins
AG is the grandchild of E
AG and AE are 2nd cousins, 1 time removed
L and Q are 1st cousins
AP and AQ are siblings
AQ and K are 1st cousins, 2 times removed
O and Y are 2nd cousins
AO and V are 2nd cousins, 1 time removed
Q and AV are 0th cousins, 1 time removed
AC and G are 1st cousins, 1 time removed
AR and AP are siblings
P and E are 0th cousins, 1 time removed
L and AE are 2nd cousins
G and AU are 0th cousins, 2 times removed
AF and G are 1st cousins, 1 time removed
Q and Y are 2nd cousins
Q and AF are 2nd cousins
V and AB are 2nd cousins
AD and E are 1st cousins, 1 time removed
Z and G are 1st cousins, 1 time removed
X is the child of I
AE and AF are 1st cousins
Y is the great grandchild of A
AB and AT are 2nd cousins, 1 time removed
AR and U are 2nd cousins, 1 time removed
AO and AE are 2nd cousins, 1 time removed
W and AW are 2nd cousins, 1 time removed
AC and Q are 2nd cousins
AR and I are 1st cousins, 2 times removed
X and K are 0th cousins, 1 time removed
AL and AA are 2nd cousins, 1 time removed
AG and H are 1st cousins, 2 times removed
AR and AQ are siblings
Z and O are 2nd cousins
AK and X are 2nd cousins, 1 time removed
AT and AU are siblings
L and AQ are 1st cousins, 1 time removed
W is the great grandchild of A
AQ and G are 0th cousins, 2 times removed
Y and AT are 2nd cousins, 1 time removed
H and Z are 1st cousins, 1 time removed
AN and AR are 1st cousins
AK and AF are 2nd cousins, 1 time removed
I and C are 0th cousins, 1 time removed
L and C are 0th cousins, 2 times removed
AS and AU are 1st cousins
AH is the great grandchild of B
AJ and Q are 0th cousins, 1 time removed
J and AB are 0th cousins, 1 time removed
AD and AL are 2nd cousins, 1 time removed
AA and AO are 2nd cousins, 1 time removed
U and AP are 2nd cousins, 1 time removed
AV is the child of P
I and AK are 1st cousins, 2 times removed
AQ and H are 1st cousins, 2 times removed
AC and N are 2nd cousins
H and P are 1st cousins, 1 time removed
X and AW are 2nd cousins, 1 time removed
H and D are 0th cousins, 1 time removed
Y and L are 2nd cousins
T is the great grandchild of A
L and D are 0th cousins, 2 times removed
H and AF are 1st cousins, 1 time removed
AN and D are 0th cousins, 3 times removed
AO and S are 1st cousins, 1 time removed
W and X are 2nd cousins
AV is the great great grandchild of A
AA and AO are 2nd cousins, 1 time removed
N and AK are 0th cousins, 1 time removed
Q and E are 0th cousins, 1 time removed
X is the great grandchild of A
L and Y are 2nd cousins
I is the grandchild of A
G and N are 0th cousins, 1 time removed
Y and Z are siblings
AJ and AR are 1st cousins
K and AV are 1st cousins, 2 times removed
Q and M are siblings
AB and AO are 2nd cousins, 1 time removed
AF and G are 1st cousins, 1 time removed
E and Z are 1st cousins, 1 time removed
Y and AA are siblings
AX is the grandchild of F
S and AO are 1st cousins, 1 time removed
S and Q are 1st cousins
AG and K are 1st cousins, 2 times removed
J and S are 1st cousins, 1 time removed
N and Q are siblings
AA and Y are siblings
V and AU are 2nd cousins, 1 time removed
J and N are 1st cousins, 1 time removed
AQ and S are 1st cousins, 1 time removed
O and V are 2nd cousins
AD and V are 2nd cousins
M and AG are 1st cousins, 1 time removed
AU is the great great grandchild of A
E and H are 1st cousins
C and B are siblings
Z and AW are 2nd cousins, 1 time removed
AR is the great great grandchild of A
AJ is the great grandchild of B
Q and AI are 0th cousins, 1 time removed
S and AC are 2nd cousins
AD and B are 0th cousins, 2 times removed
AO and AV are 1st cousins
AR and AI are 1st cousins
P and H are 1st cousins, 1 time removed
AU and AG are 2nd cousins
O and R are 1st cousins
AD and AW are 2nd cousins, 1 time removed
I and C are 0th cousins, 1 time removed
N and I are 1st cousins, 1 time removed
W and AO are 2nd cousins, 1 time removed
AD and AO are 2nd cousins, 1 time removed
AO and J are 1st cousins, 2 times removed
AH and AI are 2nd cousins
O is the great grandchild of A
AN and V are 2nd cousins, 1 time removed
AB is the great grandchild of A
AL and C are 0th cousins, 3 times removed
R is the great grandchild of A
AA is the child of I
F and E are siblings
M and AF are 2nd cousins
Q and AL are 0th cousins, 1 time removed
AL and AM are 1st cousins
AP and N are 0th cousins, 1 time removed
B and V are 0th cousins, 2 times removed
P and D are 0th cousins, 2 times removed
AH is the child of L
U and Y are 2nd cousins
AD and AW are 2nd cousins, 1 time removed
N and V are 2nd cousins
AW and AB are 2nd cousins, 1 time removed
V and AC are 2nd cousins
AD and S are 2nd cousins
AB and AM are 2nd cousins, 1 time removed
O is the child of F
AC and I are 0th cousins, 1 time removed
AK and P are 0th cousins, 1 time removed
R and V are 2nd cousins
N and G are 0th cousins, 1 time removed
AC and G are 1st cousins, 1 time removed
AA and N are 2nd cousins
AL and D are 0th cousins, 3 times removed
AI and I are 1st cousins, 2 times removed
AC and AW are 2nd cousins, 1 time removed
AC and L are 2nd cousins
U and AS are 2nd cousins, 1 time removed
AB and AF are 1st cousins
P and K are 1st cousins, 1 time removed
AB and E are 1st cousins, 1 time removed
J and E are 1st cousins
B and C are siblings
AB and AK are 2nd cousins, 1 time removed
AV and AP are 1st cousins
Y and V are 2nd cousins
AP and AG are 2nd cousins
AR and N are 0th cousins, 1 time removed
AF and Y are 1st cousins
AL and E are 0th cousins, 2 times removed
AK is the child of M
AU and AH are 2nd cousins
AB and B are 0th cousins, 2 times removed
R and AJ are 1st cousins, 1 time removed
AO and AA are 2nd cousins, 1 time removed
AQ and H are 1st cousins, 2 times removed
AO and AE are 2nd cousins, 1 time removed
D and AS are 0th cousins, 3 times removed
AT and V are 2nd cousins, 1 time removed
AN and AA are 2nd cousins, 1 time removed
I and P are 1st cousins, 1 time removed
Y and K are 0th cousins, 1 time removed
AI and AU are 1st cousins
V is the great grandchild of A
C and S are 0th cousins, 2 times removed
O and AD are 2nd cousins
AS and AW are 1st cousins
K and Z are 0th cousins, 1 time removed
AE and P are 2nd cousins
AQ is the grandchild of F
AJ and D are 0th cousins, 3 times removed
AL is the great great grandchild of A
AX and L are 1st cousins, 1 time removed
I and AN are 1st cousins, 2 times removed
AI is the grandchild of F
AL and AX are 1st cousins
O and M are siblings
AR and E are 0th cousins, 2 times removed
AF and Z are 1st cousins
AI and Y are 2nd cousins, 1 time removed
G and AF are 1st cousins, 1 time removed
X and M are 2nd cousins
T and AK are 1st cousins, 1 time removed
E and AM are 0th cousins, 2 times removed
N and C are 0th cousins, 2 times removed
O and AK are 0th cousins, 1 time removed
L and W are 2nd cousins
AL and AD are 2nd cousins, 1 time removed
AU and J are 1st cousins, 2 times removed
S and AP are 1st cousins, 1 time removed
AE and AF are 1st cousins
S and AJ are 1st cousins, 1 time removed
X and AN are 2nd cousins, 1 time removed
T and AI are 1st cousins, 1 time removed
K and AE are 0th cousins, 1 time removed
P is the child of F
AL and AV are 1st cousins
W and AJ are 2nd cousins, 1 time removed
O and I are 1st cousins, 1 time removed
AH and AC are 2nd cousins, 1 time removed
AB and V are 2nd cousins
O and AE are 2nd cousins
AI and H are 1st cousins, 2 times removed
AD is the great grandchild of A
AQ and D are 0th cousins, 3 times removed
AV and Q are 0th cousins, 1 time removed
AI and I are 1st cousins, 2 times removed
AB and P are 2nd cousins
AS and Q are 0th cousins, 1 time removed
X and T are 2nd cousins
AQ and AL are 1st cousins
F and D are 0th cousins, 1 time removed
AF and H are 1st cousins, 1 time removed
V and Z are 2nd cousins
AW and G are 0th cousins, 2 times removed
AE and U are 2nd cousins
AE and Z are 1st cousins
AQ is the great great grandchild of A
R and AJ are 1st cousins, 1 time removed
AN and AV are 1st cousins
AC is the child of J
AL and AS are 1st cousins
AA and AM are 2nd cousins, 1 time removed
AB is the grandchild of D
AD and AN are 2nd cousins, 1 time removed
AG and Q are 1st cousins, 1 time removed
AK is the great grandchild of B
E and F are siblings
AA and AL are 2nd cousins, 1 time removed
AD is the great grandchild of A
AD and P are 2nd cousins
N and L are 1st cousins
AR and R are 1st cousins, 1 time removed
M and AN are 0th cousins, 1 time removed
X and AN are 2nd cousins, 1 time removed
G and AG are 0th cousins, 2 times removed
M and AB are 2nd cousins
AM and AC are 2nd cousins, 1 time removed
AJ and K are 1st cousins, 2 times removed
T and Q are 1st cousins
AH and AU are 2nd cousins
AL and AQ are 1st cousins
U and AX are 2nd cousins, 1 time removed
V and AD are 2nd cousins
AQ and X are 2nd cousins, 1 time removed
W and AQ are 2nd cousins, 1 time removed
H and AS are 1st cousins, 2 times removed
AU is the great great grandchild of A
AC and L are 2nd cousins
J and M are 1st cousins, 1 time removed
AM and AS are 1st cousins
AI and AP are 1st cousins
K and S are 1st cousins, 1 time removed
AL and AK are siblings
I and R are 1st cousins, 1 time removed
L and AE are 2nd cousins
V and Y are 2nd cousins
Q and W are 2nd cousins
AA and AQ are 2nd cousins, 1 time removed
AB is the child of I
AQ and AK are 1st cousins
H and AJ are 1st cousins, 2 times removed
C and R are 0th cousins, 2 times removed
AD is the child of J
AE and AU are 2nd cousins, 1 time removed
AS and AF are 2nd cousins, 1 time removed
AH and AR are 2nd cousins
C and AB are 0th cousins, 2 times removed
X and AG are 2nd cousins, 1 time removed
X and N are 2nd cousins
AJ is the grandchild of F
AM and R are 1st cousins, 1 time removed
L and AC are 2nd cousins
AP and W are 2nd cousins, 1 time removed
G and AT are 0th cousins, 2 times removed
AK and AF are 2nd cousins, 1 time removed
Y and AC are 1st cousins
AQ and V are 2nd cousins, 1 time removed
T and AG are 1st cousins, 1 time removed
AQ and N are 0th cousins, 1 time removed
V and Q are 2nd cousins
O and AH are 1st cousins, 1 time removed
P and E are 0th cousins, 1 time removed
AS is the grandchild of F
Q and S are 1st cousins
Z and AA are siblings
AH and T are 1st cousins, 1 time removed
C and AH are 0th cousins, 3 times removed
L and AC are 2nd cousins
AH and R are 1st cousins, 1 time removed
H and T are 1st cousins, 1 time removed
AA and C are 0th cousins, 2 times removed
AW is the great grandchild of B
AU and AE are 2nd cousins, 1 time removed
AG and AM are 2nd cousins
L and AB are 2nd cousins
AK and D are 0th cousins, 3 times removed
I and G are 1st cousins
V and E are 1st cousins, 1 time removed
AS and U are 2nd cousins, 1 time removed
H and N are 1st cousins, 1 time removed
U and N are 2nd cousins
AU and V are 2nd cousins, 1 time removed
AA and T are 2nd cousins
H and Z are 1st cousins, 1 time removed
W is the great grandchild of A
AM and AA are 2nd cousins, 1 time removed
R and D are 0th cousins, 2 times removed
AX and T are 1st cousins, 1 time removed
P and AF are 2nd cousins
N and M are siblings
AQ and V are 2nd cousins, 1 time removed
AR is the great grandchild of B
AK and AV are 1st cousins
O and AG are 1st cousins, 1 time removed
N and AW are 0th cousins, 1 time removed
AQ and AX are 1st cousins
V is the child of H
AL and I are 1st cousins, 2 times removed
X and V are 2nd cousins
R and AH are 1st cousins, 1 time removed
G and AL are 0th cousins, 2 times removed
AP and AM are 1st cousins
AH and V are 2nd cousins, 1 time removed
AV and N are 0th cousins, 1 time removed
L and AM are 1st cousins, 1 time removed
G and W are 1st cousins, 1 time removed
N and AK are 0th cousins, 1 time removed
AL is the great grandchild of B
W and AC are 2nd cousins
AA and N are 2nd cousins
B and Y are 0th cousins, 2 times removed
C and AV are 0th cousins, 3 times removed
X and Y are siblings
AK and AA are 2nd cousins, 1 time removed
K and U are 1st cousins, 1 time removed
AB is the great grandchild of A
AN and Q are 0th cousins, 1 time removed
AM and R are 1st cousins, 1 time removed
U and Y are 2nd cousins
AT and Y are 2nd cousins, 1 time removed
O and R are 1st cousins
AM and AB are 2nd cousins, 1 time removed
AU and W are 2nd cousins, 1 time removed
U and E are 1st cousins, 1 time removed
X and AI are 2nd cousins, 1 time removed
E and AB are 1st cousins, 1 time removed
X and AR are 2nd cousins, 1 time removed
Y and T are 2nd cousins
AK and H are 1st cousins, 2 times removed
N and P are siblings
AQ and AE are 2nd cousins, 1 time removed
AW and V are 2nd cousins, 1 time removed
AL and AO are 1st cousins
J and AB are 0th cousins, 1 time removed
U and AX are 2nd cousins, 1 time removed
AB and AR are 2nd cousins, 1 time removed
AB and M are 2nd cousins
AL and Y are 2nd cousins, 1 time removed
V and M are 2nd cousins
W and R are 2nd cousins
T and AC are 2nd cousins
AV and I are 1st cousins, 2 times removed
AL and AE are 2nd cousins, 1 time removed
C and AU are 0th cousins, 3 times removed
AB and AL are 2nd cousins, 1 time removed
AA and AR are 2nd cousins, 1 time removed
AH and AX are 2nd cousins
W is the grandchild of C
AQ and AR are siblings
AS and U are 2nd cousins, 1 time removed
P and AA are 2nd cousins
AG and K are 1st cousins, 2 times removed
N is the great grandchild of A
AE and AK are 2nd cousins, 1 time removed
AI and AR are 1st cousins
AR and AE are 2nd cousins, 1 time removed
AQ and AD are 2nd cousins, 1 time removed
U and G are 1st cousins, 1 time removed
AV and AT are siblings
AT and Y are 2nd cousins, 1 time removed
AD and AR are 2nd cousins, 1 time removed
AP and M are 0th cousins, 1 time removed
AI and AN are 1st cousins
AO and AI are 1st cousins
K and H are 1st cousins
G and V are 1st cousins, 1 time removed
U and AX are 2nd cousins, 1 time removed
Z and N are 2nd cousins
AF and AP are 2nd cousins, 1 time removed
G and AD are 1st cousins, 1 time removed
AV and R are 1st cousins, 1 time removed
AD and AI are 2nd cousins, 1 time removed
O and V are 2nd cousins
R and D are 0th cousins, 2 times removed
AR and AS are siblings
X and AT are 2nd cousins, 1 time removed
AW and Q are 0th cousins, 1 time removed
B and H are 0th cousins, 1 time removed
AO and AX are 1st cousins
I and O are 1st cousins, 1 time removed
O is the child of F
K and Q are 1st cousins, 1 time removed
S is the child of G
K is the grandchild of A
AJ is the great great grandchild of A
S and AP are 1st cousins, 1 time removed
AV is the great great grandchild of A
H and M are 1st cousins, 1 time removed
Z and N are 2nd cousins
I and AH are 1st cousins, 2 times removed
AA and S are 2nd cousins
M and AW are 0th cousins, 1 time removed
G and P are 0th cousins, 1 time removed
AD and L are 2nd cousins
AC is the great grandchild of A
AJ is the child of M
O and AV are 0th cousins, 1 time removed
R and AA are 2nd cousins
AM and G are 0th cousins, 2 times removed
N is the grandchild of B
O and AK are 0th cousins, 1 time removed
AB and AQ are 2nd cousins, 1 time removed
AD and U are 2nd cousins
AW and AQ are 1st cousins
AH and I are 1st cousins, 2 times removed
E is the grandchild of A
AR and AX are 1st cousins
C and O are 0th cousins, 2 times removed
X is the grandchild of D
AJ and AS are 1st cousins
AX is the great great grandchild of A
S and AH are 1st cousins, 1 time removed
AI and N are 0th cousins, 1 time removed
Y and AG are 2nd cousins, 1 time removed
F and X are 1st cousins, 1 time removed
AA and AM are 2nd cousins, 1 time removed
AD and AL are 2nd cousins, 1 time removed
AA and H are 1st cousins, 1 time removed
AO is the great great grandchild of A
AV and AL are 1st cousins
C and I are 0th cousins, 1 time removed
AW and G are 0th cousins, 2 times removed
AS is the great great grandchild of A
J and AH are 1st cousins, 2 times removed
O and N are siblings
AJ and AV are 1st cousins
AF and AC are 1st cousins
AP and Y are 2nd cousins, 1 time removed
R and AC are 2nd cousins
U and AV are 2nd cousins, 1 time removed
