U is the great grandchild of A
T and AS are 2nd cousins, 1 time removed
O and P are siblings
L and G are 1st cousins, 1 time removed
AE is the great grandchild of A
U and AU are 2nd cousins, 1 time removed
Q and AW are 2nd cousins, 1 time removed
I and AK are 0th cousins, 1 time removed
T and AG are 2nd cousins, 1 time removed
Y and J are 2nd cousins
AT is the child of I
P and Y are 1st cousins
T and AR are 2nd cousins, 1 time removed
AB and P are 1st cousins
AA and AI are 2nd cousins, 1 time removed
C and AU are 0th cousins, 3 times removed
Z and M are 2nd cousins
V and Z are siblings
AS is the child of I
AI and AJ are siblings
I and R are 2nd cousins
AW and S are 2nd cousins, 1 time removed
U and R are 1st cousins
AG and L are 0th cousins, 1 time removed
K and N are 2nd cousins
R and T are siblings
AR is the grandchild of D
AE and AU are 2nd cousins, 1 time removed
R and AG are 2nd cousins, 1 time removed
AJ and AU are 1st cousins
AT and AL are 1st cousins
AT and AC are 2nd cousins, 1 time removed
AM and AQ are 1st cousins
C and J are 0th cousins, 2 times removed
AB and AQ are 2nd cousins, 1 time removed
AK and AG are siblings
AN and P are 2nd cousins, 1 time removed
AG and AU are 1st cousins
AT and AP are siblings
AH is the great grandchild of B
AC and AH are 2nd cousins, 1 time removed
AR and AO are siblings
AF and O are 1st cousins
V and AS are 2nd cousins, 1 time removed
H and E are 1st cousins, 1 time removed
AX is the great great grandchild of A
E and AT are 1st cousins, 2 times removed
AE and AC are siblings
AS and AH are 1st cousins
AX and Q are 2nd cousins, 1 time removed
AT and S are 2nd cousins, 1 time removed
G and AW are 1st cousins, 2 times removed
P and K are 2nd cousins
L is the grandchild of B
W and AO are 2nd cousins, 1 time removed
AQ and U are 2nd cousins, 1 time removed
AT and AA are 2nd cousins, 1 time removed
G and S are 0th cousins, 1 time removed
Z and AB are 1st cousins
AT and Y are 2nd cousins, 1 time removed
I and O are 2nd cousins
AU and T are 2nd cousins, 1 time removed
C and I are 0th cousins, 2 times removed
AQ and AE are 2nd cousins, 1 time removed
Y and AQ are 2nd cousins, 1 time removed
H and R are 2nd cousins
AJ and L are 0th cousins, 1 time removed
AC and F are 0th cousins, 1 time removed
AW is the child of K
AS and AM are 1st cousins
G and Y are 0th cousins, 1 time removed
AR and K are 0th cousins, 1 time removed
AT and Q are 2nd cousins, 1 time removed
K and S are 2nd cousins
AL and AQ are 1st cousins
B and N are 0th cousins, 2 times removed
X and R are 1st cousins
V is the grandchild of C
X and AX are 2nd cousins, 1 time removed
AR and G are 1st cousins, 2 times removed
N and O are siblings
W and AQ are 2nd cousins, 1 time removed
V is the great grandchild of A
AP and AN are 1st cousins
AC and P are 1st cousins
P and D are 1st cousins, 1 time removed
M and E are 1st cousins, 1 time removed
P and T are siblings
W and B are 0th cousins, 2 times removed
AQ and T are 2nd cousins, 1 time removed
M and AR are 0th cousins, 1 time removed
X is the great grandchild of A
AP and AO are siblings
AB and AT are 2nd cousins, 1 time removed
Q and AA are 1st cousins
U and W are siblings
AV and E are 1st cousins, 2 times removed
Z and AC are 1st cousins
AI and S are 2nd cousins, 1 time removed
V and R are 1st cousins
AH and J are 0th cousins, 1 time removed
AP and AD are 2nd cousins, 1 time removed
T and F are 0th cousins, 1 time removed
X and AF are 1st cousins
AT is the grandchild of D
AN and AE are 2nd cousins, 1 time removed
AU and V are 2nd cousins, 1 time removed
AQ and K are 0th cousins, 1 time removed
AP and AQ are siblings
AF and X are 1st cousins
AD and AV are 2nd cousins, 1 time removed
AJ is the grandchild of D
AX is the child of K
AH and AN are siblings
M and AB are 2nd cousins
H and AR are 0th cousins, 1 time removed
AI and F are 1st cousins, 2 times removed
Q and M are 2nd cousins
G and Q are 0th cousins, 1 time removed
R and AK are 2nd cousins, 1 time removed
AX and J are 0th cousins, 1 time removed
V and W are siblings
Z and AP are 2nd cousins, 1 time removed
AI and S are 2nd cousins, 1 time removed
AA and J are 2nd cousins
T and Z are 1st cousins
H and M are siblings
AG and AE are 2nd cousins, 1 time removed
B is the child of A
AK and AJ are siblings
R is the great grandchild of A
AR and AM are 1st cousins
AM and C are 0th cousins, 3 times removed
L and AV are 0th cousins, 1 time removed
Q and I are 2nd cousins
AM and Y are 2nd cousins, 1 time removed
I and F are 1st cousins, 1 time removed
N and AO are 2nd cousins, 1 time removed
AH and Q are 2nd cousins, 1 time removed
AH and AK are siblings
AD and W are 1st cousins
AA and I are 2nd cousins
M and I are siblings
J and AO are 0th cousins, 1 time removed
AL and W are 2nd cousins, 1 time removed
AP and Z are 2nd cousins, 1 time removed
W and R are 1st cousins
AI and AJ are siblings
AU and M are 0th cousins, 1 time removed
Q is the grandchild of C
P and AG are 2nd cousins, 1 time removed
AO and P are 2nd cousins, 1 time removed
M and AE are 2nd cousins
H and L are siblings
I is the grandchild of B
P and AW are 2nd cousins, 1 time removed
H and I are siblings
AM and AI are siblings
AU and Q are 2nd cousins, 1 time removed
S and L are 2nd cousins
Z and AW are 2nd cousins, 1 time removed
AS and AH are 1st cousins
AF is the great grandchild of A
AK and AM are siblings
AV and AS are 1st cousins
N and P are siblings
E and Y are 0th cousins, 1 time removed
AU and H are 0th cousins, 1 time removed
AK and P are 2nd cousins, 1 time removed
AM is the grandchild of D
M and T are 2nd cousins
K and N are 2nd cousins
O and AX are 2nd cousins, 1 time removed
AE is the child of G
H and AV are 0th cousins, 1 time removed
AC and AA are siblings
Q and AU are 2nd cousins, 1 time removed
AA is the child of G
O and N are siblings
AL and L are 0th cousins, 1 time removed
O and M are 2nd cousins
O and AC are 1st cousins
AH and AJ are siblings
AJ and P are 2nd cousins, 1 time removed
AM and AV are 1st cousins
AX and E are 1st cousins, 2 times removed
AL and AK are siblings
G and S are 0th cousins, 1 time removed
R and D are 1st cousins, 1 time removed
AX is the great grandchild of B
AS and AN are 1st cousins
AJ and AK are siblings
R and AQ are 2nd cousins, 1 time removed
Y and AJ are 2nd cousins, 1 time removed
AV and H are 0th cousins, 1 time removed
I and Z are 2nd cousins
AG and AJ are siblings
AK and U are 2nd cousins, 1 time removed
H and AB are 2nd cousins
AE and Y are 1st cousins
AR and V are 2nd cousins, 1 time removed
O and J are 2nd cousins
H and AC are 2nd cousins
AO is the great grandchild of B
AW and C are 0th cousins, 3 times removed
U and J are 2nd cousins
S is the grandchild of C
AT and AA are 2nd cousins, 1 time removed
AV and N are 2nd cousins, 1 time removed
J and AD are 2nd cousins
V and Y are siblings
AQ and P are 2nd cousins, 1 time removed
AQ and J are 0th cousins, 1 time removed
AM and AD are 2nd cousins, 1 time removed
AW and AT are 1st cousins
AQ and AT are siblings
C and AH are 0th cousins, 3 times removed
AI and J are 0th cousins, 1 time removed
Y and V are siblings
AQ and AU are 1st cousins
P and M are 2nd cousins
AQ and X are 2nd cousins, 1 time removed
V and AF are 1st cousins
AT and AE are 2nd cousins, 1 time removed
H and I are siblings
AC and N are 1st cousins
X and Y are siblings
L and K are siblings
E and AV are 1st cousins, 2 times removed
B and AA are 0th cousins, 2 times removed
V and N are 1st cousins
AC and AB are siblings
AM and AI are siblings
H and E are 1st cousins, 1 time removed
R and AV are 2nd cousins, 1 time removed
L and AX are 0th cousins, 1 time removed
AN and V are 2nd cousins, 1 time removed
AQ and AK are 1st cousins
AW and J are 0th cousins, 1 time removed
C and AW are 0th cousins, 3 times removed
AQ and S are 2nd cousins, 1 time removed
I and K are siblings
AG and AD are 2nd cousins, 1 time removed
AI and M are 0th cousins, 1 time removed
AE and P are 1st cousins
O and I are 2nd cousins
W and AB are 1st cousins
AD and AP are 2nd cousins, 1 time removed
D and Z are 1st cousins, 1 time removed
AF and L are 2nd cousins
AU and T are 2nd cousins, 1 time removed
AM is the grandchild of D
AM is the grandchild of D
AA and AL are 2nd cousins, 1 time removed
AE and AS are 2nd cousins, 1 time removed
N and AQ are 2nd cousins, 1 time removed
P and Q are siblings
H is the great grandchild of A
AG and F are 1st cousins, 2 times removed
G and AT are 1st cousins, 2 times removed
AE and AT are 2nd cousins, 1 time removed
AD is the grandchild of C
N and S are siblings
AR and AP are siblings
T and M are 2nd cousins
AG and E are 1st cousins, 2 times removed
AP and AW are 1st cousins
H and M are siblings
S and R are siblings
AC is the grandchild of C
AC and X are 1st cousins
F and AA are 0th cousins, 1 time removed
M and AF are 2nd cousins
B and AB are 0th cousins, 2 times removed
L is the child of D
AE is the grandchild of C
AC and T are 1st cousins
AJ is the grandchild of D
Y and AR are 2nd cousins, 1 time removed
Z and AR are 2nd cousins, 1 time removed
AG and AH are siblings
L and AM are 0th cousins, 1 time removed
AP and F are 1st cousins, 2 times removed
Q and AX are 2nd cousins, 1 time removed
AE and AD are siblings
AS and AQ are siblings
N and AX are 2nd cousins, 1 time removed
T and V are 1st cousins
C and AN are 0th cousins, 3 times removed
F and AO are 1st cousins, 2 times removed
AI and L are 0th cousins, 1 time removed
J is the grandchild of B
M and AG are 0th cousins, 1 time removed
AE and AV are 2nd cousins, 1 time removed
AF and X are 1st cousins
K and AJ are 0th cousins, 1 time removed
E and AE are 0th cousins, 1 time removed
AA and V are 1st cousins
E and AS are 1st cousins, 2 times removed
AD and AR are 2nd cousins, 1 time removed
N and F are 0th cousins, 1 time removed
V is the grandchild of C
W is the grandchild of C
AM and AJ are siblings
AF and AB are siblings
AI is the great great grandchild of A
S and M are 2nd cousins
U and I are 2nd cousins
AB and W are 1st cousins
J and AI are 0th cousins, 1 time removed
H and L are siblings
AI and AO are 1st cousins
AN and G are 1st cousins, 2 times removed
AB and AW are 2nd cousins, 1 time removed
AO and F are 1st cousins, 2 times removed
AN and AW are 1st cousins
AC and E are 0th cousins, 1 time removed
R is the great grandchild of A
AD and T are 1st cousins
Z and W are siblings
Y and O are 1st cousins
AG and AM are siblings
AP and G are 1st cousins, 2 times removed
G and M are 1st cousins, 1 time removed
K and U are 2nd cousins
AG and AM are siblings
G and E are siblings
AS and AG are 1st cousins
N and R are siblings
AR and AC are 2nd cousins, 1 time removed
T and G are 0th cousins, 1 time removed
J and O are 2nd cousins
E and K are 1st cousins, 1 time removed
AW and W are 2nd cousins, 1 time removed
AJ and R are 2nd cousins, 1 time removed
AS and AC are 2nd cousins, 1 time removed
Q and AT are 2nd cousins, 1 time removed
AD and S are 1st cousins
AC and AS are 2nd cousins, 1 time removed
T is the great grandchild of A
X and O are 1st cousins
S and AJ are 2nd cousins, 1 time removed
O is the grandchild of C
Z and AO are 2nd cousins, 1 time removed
AR and AP are siblings
H and AS are 0th cousins, 1 time removed
AR and W are 2nd cousins, 1 time removed
E and J are 1st cousins, 1 time removed
U and V are siblings
AO and AB are 2nd cousins, 1 time removed
AR and AD are 2nd cousins, 1 time removed
J and AS are 0th cousins, 1 time removed
M and F are 1st cousins, 1 time removed
L is the child of D
Q is the child of E
AI and M are 0th cousins, 1 time removed
AO and E are 1st cousins, 2 times removed
F is the grandchild of A
AA and I are 2nd cousins
AA and AT are 2nd cousins, 1 time removed
AH and V are 2nd cousins, 1 time removed
U and AS are 2nd cousins, 1 time removed
AS and AB are 2nd cousins, 1 time removed
AI is the child of H
AQ and K are 0th cousins, 1 time removed
AD and AX are 2nd cousins, 1 time removed
D and AE are 1st cousins, 1 time removed
AM is the great grandchild of B
Y and AI are 2nd cousins, 1 time removed
AI and I are 0th cousins, 1 time removed
I and AF are 2nd cousins
AU and AP are 1st cousins
X and AS are 2nd cousins, 1 time removed
AL and R are 2nd cousins, 1 time removed
F and AO are 1st cousins, 2 times removed
AE and J are 2nd cousins
AJ and Y are 2nd cousins, 1 time removed
AH and AJ are siblings
AQ and Z are 2nd cousins, 1 time removed
T and J are 2nd cousins
AX and AR are 1st cousins
AX and V are 2nd cousins, 1 time removed
U and J are 2nd cousins
O and AS are 2nd cousins, 1 time removed
AC and AJ are 2nd cousins, 1 time removed
AN and P are 2nd cousins, 1 time removed
P and N are siblings
AW and AC are 2nd cousins, 1 time removed
AT and M are 0th cousins, 1 time removed
R and F are 0th cousins, 1 time removed
AU and L are 0th cousins, 1 time removed
I and U are 2nd cousins
AV and AM are 1st cousins
L and AR are 0th cousins, 1 time removed
X is the great grandchild of A
AG and J are 0th cousins, 1 time removed
AT is the great great grandchild of A
AS is the child of I
AL and AC are 2nd cousins, 1 time removed
AG and AF are 2nd cousins, 1 time removed
T and I are 2nd cousins
AS is the great great grandchild of A
AD and AL are 2nd cousins, 1 time removed
AX and AH are 1st cousins
S and F are 0th cousins, 1 time removed
AV and AK are 1st cousins
AR and G are 1st cousins, 2 times removed
R and AF are 1st cousins
AK and AD are 2nd cousins, 1 time removed
L and AB are 2nd cousins
L and AG are 0th cousins, 1 time removed
AM and AA are 2nd cousins, 1 time removed
AV and U are 2nd cousins, 1 time removed
O is the grandchild of C
X and D are 1st cousins, 1 time removed
K and AV are 0th cousins, 1 time removed
AM and L are 0th cousins, 1 time removed
V and AI are 2nd cousins, 1 time removed
AV and AG are 1st cousins
AQ and AW are 1st cousins
N and AB are 1st cousins
AB and AP are 2nd cousins, 1 time removed
Q and AP are 2nd cousins, 1 time removed
O and AM are 2nd cousins, 1 time removed
AB and AX are 2nd cousins, 1 time removed
AE is the child of G
AN and V are 2nd cousins, 1 time removed
X and R are 1st cousins
X and AR are 2nd cousins, 1 time removed
O and AW are 2nd cousins, 1 time removed
M and T are 2nd cousins
AJ and W are 2nd cousins, 1 time removed
AI and AK are siblings
O and P are siblings
AQ and L are 0th cousins, 1 time removed
M and AH are 0th cousins, 1 time removed
S and M are 2nd cousins
W and I are 2nd cousins
AX is the grandchild of D
AE and D are 1st cousins, 1 time removed
X and Y are siblings
AF and AR are 2nd cousins, 1 time removed
AN and AW are 1st cousins
AA and AR are 2nd cousins, 1 time removed
R and AF are 1st cousins
Q and AC are 1st cousins
AK and AS are 1st cousins
U and AN are 2nd cousins, 1 time removed
O and AR are 2nd cousins, 1 time removed
P and AF are 1st cousins
AV is the grandchild of D
AJ is the grandchild of D
AN and Y are 2nd cousins, 1 time removed
AO and AT are siblings
R and AX are 2nd cousins, 1 time removed
AC and AE are siblings
AP and AO are siblings
AC and AW are 2nd cousins, 1 time removed
AM and F are 1st cousins, 2 times removed
J and AK are 0th cousins, 1 time removed
AV and AH are 1st cousins
H and W are 2nd cousins
O and S are siblings
E and I are 1st cousins, 1 time removed
AE and AN are 2nd cousins, 1 time removed
AF and L are 2nd cousins
AJ and O are 2nd cousins, 1 time removed
AM and AR are 1st cousins
J and Z are 2nd cousins
AW and S are 2nd cousins, 1 time removed
AU and K are 0th cousins, 1 time removed
AT and C are 0th cousins, 3 times removed
AQ is the great grandchild of B
Q and I are 2nd cousins
AD and E are 0th cousins, 1 time removed
M and L are siblings
AT and R are 2nd cousins, 1 time removed
L and AP are 0th cousins, 1 time removed
M and AH are 0th cousins, 1 time removed
Z and L are 2nd cousins
I and E are 1st cousins, 1 time removed
I and C are 0th cousins, 2 times removed
AM and U are 2nd cousins, 1 time removed
AL and AB are 2nd cousins, 1 time removed
AT and J are 0th cousins, 1 time removed
S and AX are 2nd cousins, 1 time removed
I is the child of D
K and AL are 0th cousins, 1 time removed
H and L are siblings
AP and AW are 1st cousins
N is the grandchild of C
AS and C are 0th cousins, 3 times removed
AB is the great grandchild of A
D and T are 1st cousins, 1 time removed
AL and AM are siblings
Q and AP are 2nd cousins, 1 time removed
AA and AP are 2nd cousins, 1 time removed
H and E are 1st cousins, 1 time removed
H and V are 2nd cousins
R is the grandchild of C
